18:20:19.244 [http-nio-8080-Poller] DEBUG o.apache.tomcat.util.net.NioEndpoint - timeout completed: keys processed=0; now=1774819219244; nextExpiration=1774819219231; keyCount=0; hasEvents=false; eval=false
18:20:20.252 [http-nio-8080-Poller] DEBUG o.apache.tomcat.util.net.NioEndpoint - timeout completed: keys processed=0; now=1774819220252; nextExpiration=1774819220244; keyCount=0; hasEvents=false; eval=false
18:20:20.587 [Catalina-utility-1] DEBUG o.a.catalina.session.ManagerBase - Start expire sessions StandardManager at 1774819220587 sessioncount 0
18:20:20.587 [Catalina-utility-1] DEBUG o.a.catalina.session.ManagerBase - End expire sessions StandardManager processingTime 0 expired sessions: 0
18:20:20.862 [HikariPool-31 housekeeper] DEBUG com.zaxxer.hikari.pool.HikariPool - HikariPool-31 - Pool stats (total=10, active=0, idle=10, waiting=0)
18:20:20.863 [HikariPool-31 housekeeper] DEBUG com.zaxxer.hikari.pool.HikariPool - HikariPool-31 - Fill pool skipped, pool is at sufficient level.
18:20:21.262 [http-nio-8080-Poller] DEBUG o.apache.tomcat.util.net.NioEndpoint - timeout completed: keys processed=0; now=1774819221262; nextExpiration=1774819221252; keyCount=0; hasEvents=false; eval=false
18:20:22.272 [http-nio-8080-Poller] DEBUG o.apache.tomcat.util.net.NioEndpoint - timeout completed: keys processed=0; now=1774819222272; nextExpiration=1774819222262; keyCount=0; hasEvents=false; eval=false
18:20:23.278 [http-nio-8080-Poller] DEBUG o.apache.tomcat.util.net.NioEndpoint - timeout completed: keys processed=0; now=1774819223278; nextExpiration=1774819223272; keyCount=0; hasEvents=false; eval=false
18:20:24.289 [http-nio-8080-Poller] DEBUG o.apache.tomcat.util.net.NioEndpoint - timeout completed: keys processed=0; now=1774819224289; nextExpiration=1774819224278; keyCount=0; hasEvents=false; eval=false
18:20:25.296 [http-nio-8080-Poller] DEBUG o.apache.tomcat.util.net.NioEndpoint - timeout completed: keys processed=0; now=1774819225296; nextExpiration=1774819225289; keyCount=0; hasEvents=false; eval=false
18:20:26.304 [http-nio-8080-Poller] DEBUG o.apache.tomcat.util.net.NioEndpoint - timeout completed: keys processed=0; now=1774819226304; nextExpiration=1774819226296; keyCount=0; hasEvents=false; eval=false
18:20:27.314 [http-nio-8080-Poller] DEBUG o.apache.tomcat.util.net.NioEndpoint - timeout completed: keys processed=0; now=1774819227314; nextExpiration=1774819227304; keyCount=0; hasEvents=false; eval=false
18:20:28.327 [http-nio-8080-Poller] DEBUG o.apache.tomcat.util.net.NioEndpoint - timeout completed: keys processed=0; now=1774819228327; nextExpiration=1774819228314; keyCount=0; hasEvents=false; eval=false
18:20:29.339 [http-nio-8080-Poller] DEBUG o.apache.tomcat.util.net.NioEndpoint - timeout completed: keys processed=0; now=1774819229339; nextExpiration=1774819229327; keyCount=0; hasEvents=false; eval=false
18:20:30.348 [http-nio-8080-Poller] DEBUG o.apache.tomcat.util.net.NioEndpoint - timeout completed: keys processed=0; now=1774819230348; nextExpiration=1774819230339; keyCount=0; hasEvents=false; eval=false
18:20:31.357 [http-nio-8080-Poller] DEBUG o.apache.tomcat.util.net.NioEndpoint - timeout completed: keys processed=0; now=1774819231357; nextExpiration=1774819231348; keyCount=0; hasEvents=false; eval=false
18:20:32.366 [http-nio-8080-Poller] DEBUG o.apache.tomcat.util.net.NioEndpoint - timeout completed: keys processed=0; now=1774819232366; nextExpiration=1774819232357; keyCount=0; hasEvents=false; eval=false
18:20:33.379 [http-nio-8080-Poller] DEBUG o.apache.tomcat.util.net.NioEndpoint - timeout completed: keys processed=0; now=1774819233379; nextExpiration=1774819233366; keyCount=0; hasEvents=false; eval=false
18:20:34.388 [http-nio-8080-Poller] DEBUG o.apache.tomcat.util.net.NioEndpoint - timeout completed: keys processed=0; now=1774819234388; nextExpiration=1774819234379; keyCount=0; hasEvents=false; eval=false
18:20:35.390 [http-nio-8080-Poller] DEBUG o.apache.tomcat.util.net.NioEndpoint - timeout completed: keys processed=0; now=1774819235390; nextExpiration=1774819235388; keyCount=0; hasEvents=false; eval=false
18:20:36.396 [http-nio-8080-Poller] DEBUG o.apache.tomcat.util.net.NioEndpoint - timeout completed: keys processed=0; now=1774819236396; nextExpiration=1774819236390; keyCount=0; hasEvents=false; eval=false
18:20:37.398 [http-nio-8080-Poller] DEBUG o.apache.tomcat.util.net.NioEndpoint - timeout completed: keys processed=0; now=1774819237398; nextExpiration=1774819237396; keyCount=0; hasEvents=false; eval=false
18:20:38.411 [http-nio-8080-Poller] DEBUG o.apache.tomcat.util.net.NioEndpoint - timeout completed: keys processed=0; now=1774819238411; nextExpiration=1774819238398; keyCount=0; hasEvents=false; eval=false
18:20:39.415 [http-nio-8080-Poller] DEBUG o.apache.tomcat.util.net.NioEndpoint - timeout completed: keys processed=0; now=1774819239415; nextExpiration=1774819239411; keyCount=0; hasEvents=false; eval=false
18:20:40.427 [http-nio-8080-Poller] DEBUG o.apache.tomcat.util.net.NioEndpoint - timeout completed: keys processed=0; now=1774819240427; nextExpiration=1774819240415; keyCount=0; hasEvents=false; eval=false
18:20:41.436 [http-nio-8080-Poller] DEBUG o.apache.tomcat.util.net.NioEndpoint - timeout completed: keys processed=0; now=1774819241436; nextExpiration=1774819241427; keyCount=0; hasEvents=false; eval=false
18:20:42.441 [http-nio-8080-Poller] DEBUG o.apache.tomcat.util.net.NioEndpoint - timeout completed: keys processed=0; now=1774819242441; nextExpiration=1774819242436; keyCount=0; hasEvents=false; eval=false
18:20:43.442 [http-nio-8080-Poller] DEBUG o.apache.tomcat.util.net.NioEndpoint - timeout completed: keys processed=0; now=1774819243442; nextExpiration=1774819243441; keyCount=0; hasEvents=false; eval=false
18:20:44.450 [http-nio-8080-Poller] DEBUG o.apache.tomcat.util.net.NioEndpoint - timeout completed: keys processed=0; now=1774819244450; nextExpiration=1774819244442; keyCount=0; hasEvents=false; eval=false
18:20:45.457 [http-nio-8080-Poller] DEBUG o.apache.tomcat.util.net.NioEndpoint - timeout completed: keys processed=0; now=1774819245457; nextExpiration=1774819245450; keyCount=0; hasEvents=false; eval=false
18:20:46.468 [http-nio-8080-Poller] DEBUG o.apache.tomcat.util.net.NioEndpoint - timeout completed: keys processed=0; now=1774819246468; nextExpiration=1774819246457; keyCount=0; hasEvents=false; eval=false
18:20:47.477 [http-nio-8080-Poller] DEBUG o.apache.tomcat.util.net.NioEndpoint - timeout completed: keys processed=0; now=1774819247477; nextExpiration=1774819247468; keyCount=0; hasEvents=false; eval=false
18:20:48.487 [http-nio-8080-Poller] DEBUG o.apache.tomcat.util.net.NioEndpoint - timeout completed: keys processed=0; now=1774819248487; nextExpiration=1774819248477; keyCount=0; hasEvents=false; eval=false
18:20:49.497 [http-nio-8080-Poller] DEBUG o.apache.tomcat.util.net.NioEndpoint - timeout completed: keys processed=0; now=1774819249497; nextExpiration=1774819249487; keyCount=0; hasEvents=false; eval=false
18:20:50.508 [http-nio-8080-Poller] DEBUG o.apache.tomcat.util.net.NioEndpoint - timeout completed: keys processed=0; now=1774819250508; nextExpiration=1774819250497; keyCount=0; hasEvents=false; eval=false
18:20:50.865 [HikariPool-31 housekeeper] DEBUG com.zaxxer.hikari.pool.HikariPool - HikariPool-31 - Pool stats (total=10, active=0, idle=10, waiting=0)
18:20:50.866 [HikariPool-31 housekeeper] DEBUG com.zaxxer.hikari.pool.HikariPool - HikariPool-31 - Fill pool skipped, pool is at sufficient level.
18:20:51.514 [http-nio-8080-Poller] DEBUG o.apache.tomcat.util.net.NioEndpoint - timeout completed: keys processed=0; now=1774819251514; nextExpiration=1774819251508; keyCount=0; hasEvents=false; eval=false
18:20:52.525 [http-nio-8080-Poller] DEBUG o.apache.tomcat.util.net.NioEndpoint - timeout completed: keys processed=0; now=1774819252525; nextExpiration=1774819252514; keyCount=0; hasEvents=false; eval=false
18:20:53.526 [http-nio-8080-Poller] DEBUG o.apache.tomcat.util.net.NioEndpoint - timeout completed: keys processed=0; now=1774819253526; nextExpiration=1774819253525; keyCount=0; hasEvents=false; eval=false
18:20:54.537 [http-nio-8080-Poller] DEBUG o.apache.tomcat.util.net.NioEndpoint - timeout completed: keys processed=0; now=1774819254537; nextExpiration=1774819254526; keyCount=0; hasEvents=false; eval=false
18:20:55.549 [http-nio-8080-Poller] DEBUG o.apache.tomcat.util.net.NioEndpoint - timeout completed: keys processed=0; now=1774819255549; nextExpiration=1774819255537; keyCount=0; hasEvents=false; eval=false
18:20:56.564 [http-nio-8080-Poller] DEBUG o.apache.tomcat.util.net.NioEndpoint - timeout completed: keys processed=0; now=1774819256564; nextExpiration=1774819256549; keyCount=0; hasEvents=false; eval=false
18:20:57.571 [http-nio-8080-Poller] DEBUG o.apache.tomcat.util.net.NioEndpoint - timeout completed: keys processed=0; now=1774819257571; nextExpiration=1774819257564; keyCount=0; hasEvents=false; eval=false
18:20:58.581 [http-nio-8080-Poller] DEBUG o.apache.tomcat.util.net.NioEndpoint - timeout completed: keys processed=0; now=1774819258581; nextExpiration=1774819258571; keyCount=0; hasEvents=false; eval=false
18:20:59.588 [http-nio-8080-Poller] DEBUG o.apache.tomcat.util.net.NioEndpoint - timeout completed: keys processed=0; now=1774819259588; nextExpiration=1774819259581; keyCount=0; hasEvents=false; eval=false
18:21:00.592 [http-nio-8080-Poller] DEBUG o.apache.tomcat.util.net.NioEndpoint - timeout completed: keys processed=0; now=1774819260592; nextExpiration=1774819260588; keyCount=0; hasEvents=false; eval=false
18:21:01.601 [http-nio-8080-Poller] DEBUG o.apache.tomcat.util.net.NioEndpoint - timeout completed: keys processed=0; now=1774819261601; nextExpiration=1774819261592; keyCount=0; hasEvents=false; eval=false
18:21:02.606 [http-nio-8080-Poller] DEBUG o.apache.tomcat.util.net.NioEndpoint - timeout completed: keys processed=0; now=1774819262606; nextExpiration=1774819262601; keyCount=0; hasEvents=false; eval=false
18:21:03.615 [http-nio-8080-Poller] DEBUG o.apache.tomcat.util.net.NioEndpoint - timeout completed: keys processed=0; now=1774819263615; nextExpiration=1774819263606; keyCount=0; hasEvents=false; eval=false
18:21:04.615 [http-nio-8080-Poller] DEBUG o.apache.tomcat.util.net.NioEndpoint - timeout completed: keys processed=0; now=1774819264615; nextExpiration=1774819264615; keyCount=0; hasEvents=false; eval=false
18:21:05.623 [http-nio-8080-Poller] DEBUG o.apache.tomcat.util.net.NioEndpoint - timeout completed: keys processed=0; now=1774819265623; nextExpiration=1774819265615; keyCount=0; hasEvents=false; eval=false
18:21:06.631 [http-nio-8080-Poller] DEBUG o.apache.tomcat.util.net.NioEndpoint - timeout completed: keys processed=0; now=1774819266631; nextExpiration=1774819266623; keyCount=0; hasEvents=false; eval=false
18:21:07.639 [http-nio-8080-Poller] DEBUG o.apache.tomcat.util.net.NioEndpoint - timeout completed: keys processed=0; now=1774819267639; nextExpiration=1774819267631; keyCount=0; hasEvents=false; eval=false
18:21:08.650 [http-nio-8080-Poller] DEBUG o.apache.tomcat.util.net.NioEndpoint - timeout completed: keys processed=0; now=1774819268650; nextExpiration=1774819268639; keyCount=0; hasEvents=false; eval=false
18:21:09.658 [http-nio-8080-Poller] DEBUG o.apache.tomcat.util.net.NioEndpoint - timeout completed: keys processed=0; now=1774819269658; nextExpiration=1774819269650; keyCount=0; hasEvents=false; eval=false
18:21:10.668 [http-nio-8080-Poller] DEBUG o.apache.tomcat.util.net.NioEndpoint - timeout completed: keys processed=0; now=1774819270668; nextExpiration=1774819270658; keyCount=0; hasEvents=false; eval=false
18:21:11.678 [http-nio-8080-Poller] DEBUG o.apache.tomcat.util.net.NioEndpoint - timeout completed: keys processed=0; now=1774819271678; nextExpiration=1774819271668; keyCount=0; hasEvents=false; eval=false
18:21:12.690 [http-nio-8080-Poller] DEBUG o.apache.tomcat.util.net.NioEndpoint - timeout completed: keys processed=0; now=1774819272690; nextExpiration=1774819272678; keyCount=0; hasEvents=false; eval=false
18:21:13.705 [http-nio-8080-Poller] DEBUG o.apache.tomcat.util.net.NioEndpoint - timeout completed: keys processed=0; now=1774819273705; nextExpiration=1774819273690; keyCount=0; hasEvents=false; eval=false
18:21:14.711 [http-nio-8080-Poller] DEBUG o.apache.tomcat.util.net.NioEndpoint - timeout completed: keys processed=0; now=1774819274711; nextExpiration=1774819274705; keyCount=0; hasEvents=false; eval=false
18:21:15.718 [http-nio-8080-Poller] DEBUG o.apache.tomcat.util.net.NioEndpoint - timeout completed: keys processed=0; now=1774819275718; nextExpiration=1774819275711; keyCount=0; hasEvents=false; eval=false
18:21:16.724 [http-nio-8080-Poller] DEBUG o.apache.tomcat.util.net.NioEndpoint - timeout completed: keys processed=0; now=1774819276724; nextExpiration=1774819276718; keyCount=0; hasEvents=false; eval=false
18:21:17.740 [http-nio-8080-Poller] DEBUG o.apache.tomcat.util.net.NioEndpoint - timeout completed: keys processed=0; now=1774819277740; nextExpiration=1774819277724; keyCount=0; hasEvents=false; eval=false
18:21:18.747 [http-nio-8080-Poller] DEBUG o.apache.tomcat.util.net.NioEndpoint - timeout completed: keys processed=0; now=1774819278747; nextExpiration=1774819278740; keyCount=0; hasEvents=false; eval=false
18:21:19.756 [http-nio-8080-Poller] DEBUG o.apache.tomcat.util.net.NioEndpoint - timeout completed: keys processed=0; now=1774819279756; nextExpiration=1774819279747; keyCount=0; hasEvents=false; eval=false
18:21:20.627 [Catalina-utility-1] DEBUG o.a.catalina.session.ManagerBase - Start expire sessions StandardManager at 1774819280627 sessioncount 0
18:21:20.627 [Catalina-utility-1] DEBUG o.a.catalina.session.ManagerBase - End expire sessions StandardManager processingTime 0 expired sessions: 0
18:21:20.767 [http-nio-8080-Poller] DEBUG o.apache.tomcat.util.net.NioEndpoint - timeout completed: keys processed=0; now=1774819280767; nextExpiration=1774819280756; keyCount=0; hasEvents=false; eval=false
18:21:20.875 [HikariPool-31 housekeeper] DEBUG com.zaxxer.hikari.pool.HikariPool - HikariPool-31 - Pool stats (total=10, active=0, idle=10, waiting=0)
18:21:20.875 [HikariPool-31 housekeeper] DEBUG com.zaxxer.hikari.pool.HikariPool - HikariPool-31 - Fill pool skipped, pool is at sufficient level.
18:21:21.777 [http-nio-8080-Poller] DEBUG o.apache.tomcat.util.net.NioEndpoint - timeout completed: keys processed=0; now=1774819281777; nextExpiration=1774819281767; keyCount=0; hasEvents=false; eval=false
18:21:22.785 [http-nio-8080-Poller] DEBUG o.apache.tomcat.util.net.NioEndpoint - timeout completed: keys processed=0; now=1774819282785; nextExpiration=1774819282777; keyCount=0; hasEvents=false; eval=false
18:21:23.786 [http-nio-8080-Poller] DEBUG o.apache.tomcat.util.net.NioEndpoint - timeout completed: keys processed=0; now=1774819283786; nextExpiration=1774819283785; keyCount=0; hasEvents=false; eval=false
18:21:24.795 [http-nio-8080-Poller] DEBUG o.apache.tomcat.util.net.NioEndpoint - timeout completed: keys processed=0; now=1774819284795; nextExpiration=1774819284786; keyCount=0; hasEvents=false; eval=false
18:21:25.804 [http-nio-8080-Poller] DEBUG o.apache.tomcat.util.net.NioEndpoint - timeout completed: keys processed=0; now=1774819285804; nextExpiration=1774819285795; keyCount=0; hasEvents=false; eval=false
18:21:26.813 [http-nio-8080-Poller] DEBUG o.apache.tomcat.util.net.NioEndpoint - timeout completed: keys processed=0; now=1774819286813; nextExpiration=1774819286804; keyCount=0; hasEvents=false; eval=false
18:21:27.823 [http-nio-8080-Poller] DEBUG o.apache.tomcat.util.net.NioEndpoint - timeout completed: keys processed=0; now=1774819287823; nextExpiration=1774819287813; keyCount=0; hasEvents=false; eval=false
18:21:28.827 [http-nio-8080-Poller] DEBUG o.apache.tomcat.util.net.NioEndpoint - timeout completed: keys processed=0; now=1774819288827; nextExpiration=1774819288823; keyCount=0; hasEvents=false; eval=false
18:21:29.840 [http-nio-8080-Poller] DEBUG o.apache.tomcat.util.net.NioEndpoint - timeout completed: keys processed=0; now=1774819289840; nextExpiration=1774819289827; keyCount=0; hasEvents=false; eval=false
18:21:30.846 [http-nio-8080-Poller] DEBUG o.apache.tomcat.util.net.NioEndpoint - timeout completed: keys processed=0; now=1774819290846; nextExpiration=1774819290840; keyCount=0; hasEvents=false; eval=false
18:21:31.855 [http-nio-8080-Poller] DEBUG o.apache.tomcat.util.net.NioEndpoint - timeout completed: keys processed=0; now=1774819291855; nextExpiration=1774819291846; keyCount=0; hasEvents=false; eval=false
18:21:32.858 [http-nio-8080-Poller] DEBUG o.apache.tomcat.util.net.NioEndpoint - timeout completed: keys processed=0; now=1774819292858; nextExpiration=1774819292855; keyCount=0; hasEvents=false; eval=false
18:21:33.867 [http-nio-8080-Poller] DEBUG o.apache.tomcat.util.net.NioEndpoint - timeout completed: keys processed=0; now=1774819293867; nextExpiration=1774819293858; keyCount=0; hasEvents=false; eval=false
18:21:34.873 [http-nio-8080-Poller] DEBUG o.apache.tomcat.util.net.NioEndpoint - timeout completed: keys processed=0; now=1774819294873; nextExpiration=1774819294867; keyCount=0; hasEvents=false; eval=false
18:21:35.875 [http-nio-8080-Poller] DEBUG o.apache.tomcat.util.net.NioEndpoint - timeout completed: keys processed=0; now=1774819295875; nextExpiration=1774819295873; keyCount=0; hasEvents=false; eval=false
18:21:36.880 [http-nio-8080-Poller] DEBUG o.apache.tomcat.util.net.NioEndpoint - timeout completed: keys processed=0; now=1774819296880; nextExpiration=1774819296875; keyCount=0; hasEvents=false; eval=false
18:21:37.893 [http-nio-8080-Poller] DEBUG o.apache.tomcat.util.net.NioEndpoint - timeout completed: keys processed=0; now=1774819297893; nextExpiration=1774819297880; keyCount=0; hasEvents=false; eval=false
18:21:38.906 [http-nio-8080-Poller] DEBUG o.apache.tomcat.util.net.NioEndpoint - timeout completed: keys processed=0; now=1774819298906; nextExpiration=1774819298893; keyCount=0; hasEvents=false; eval=false
18:21:39.912 [http-nio-8080-Poller] DEBUG o.apache.tomcat.util.net.NioEndpoint - timeout completed: keys processed=0; now=1774819299912; nextExpiration=1774819299906; keyCount=0; hasEvents=false; eval=false
18:21:40.925 [http-nio-8080-Poller] DEBUG o.apache.tomcat.util.net.NioEndpoint - timeout completed: keys processed=0; now=1774819300925; nextExpiration=1774819300912; keyCount=0; hasEvents=false; eval=false
18:21:41.937 [http-nio-8080-Poller] DEBUG o.apache.tomcat.util.net.NioEndpoint - timeout completed: keys processed=0; now=1774819301937; nextExpiration=1774819301925; keyCount=0; hasEvents=false; eval=false
18:21:42.950 [http-nio-8080-Poller] DEBUG o.apache.tomcat.util.net.NioEndpoint - timeout completed: keys processed=0; now=1774819302950; nextExpiration=1774819302937; keyCount=0; hasEvents=false; eval=false
18:21:43.961 [http-nio-8080-Poller] DEBUG o.apache.tomcat.util.net.NioEndpoint - timeout completed: keys processed=0; now=1774819303961; nextExpiration=1774819303950; keyCount=0; hasEvents=false; eval=false
18:21:44.971 [http-nio-8080-Poller] DEBUG o.apache.tomcat.util.net.NioEndpoint - timeout completed: keys processed=0; now=1774819304971; nextExpiration=1774819304961; keyCount=0; hasEvents=false; eval=false
18:21:45.980 [http-nio-8080-Poller] DEBUG o.apache.tomcat.util.net.NioEndpoint - timeout completed: keys processed=0; now=1774819305980; nextExpiration=1774819305971; keyCount=0; hasEvents=false; eval=false
18:21:46.989 [http-nio-8080-Poller] DEBUG o.apache.tomcat.util.net.NioEndpoint - timeout completed: keys processed=0; now=1774819306989; nextExpiration=1774819306980; keyCount=0; hasEvents=false; eval=false
18:21:47.996 [http-nio-8080-Poller] DEBUG o.apache.tomcat.util.net.NioEndpoint - timeout completed: keys processed=0; now=1774819307996; nextExpiration=1774819307989; keyCount=0; hasEvents=false; eval=false
18:21:48.999 [http-nio-8080-Poller] DEBUG o.apache.tomcat.util.net.NioEndpoint - timeout completed: keys processed=0; now=1774819308999; nextExpiration=1774819308996; keyCount=0; hasEvents=false; eval=false
18:21:50.004 [http-nio-8080-Poller] DEBUG o.apache.tomcat.util.net.NioEndpoint - timeout completed: keys processed=0; now=1774819310004; nextExpiration=1774819309999; keyCount=0; hasEvents=false; eval=false
18:21:50.890 [HikariPool-31 housekeeper] DEBUG com.zaxxer.hikari.pool.HikariPool - HikariPool-31 - Pool stats (total=10, active=0, idle=10, waiting=0)
18:21:50.890 [HikariPool-31 housekeeper] DEBUG com.zaxxer.hikari.pool.HikariPool - HikariPool-31 - Fill pool skipped, pool is at sufficient level.
18:21:51.013 [http-nio-8080-Poller] DEBUG o.apache.tomcat.util.net.NioEndpoint - timeout completed: keys processed=0; now=1774819311013; nextExpiration=1774819311004; keyCount=0; hasEvents=false; eval=false
18:21:52.014 [http-nio-8080-Poller] DEBUG o.apache.tomcat.util.net.NioEndpoint - timeout completed: keys processed=0; now=1774819312014; nextExpiration=1774819312013; keyCount=0; hasEvents=false; eval=false
18:21:53.022 [http-nio-8080-Poller] DEBUG o.apache.tomcat.util.net.NioEndpoint - timeout completed: keys processed=0; now=1774819313022; nextExpiration=1774819313014; keyCount=0; hasEvents=false; eval=false
18:21:54.028 [http-nio-8080-Poller] DEBUG o.apache.tomcat.util.net.NioEndpoint - timeout completed: keys processed=0; now=1774819314028; nextExpiration=1774819314022; keyCount=0; hasEvents=false; eval=false
18:21:55.038 [http-nio-8080-Poller] DEBUG o.apache.tomcat.util.net.NioEndpoint - timeout completed: keys processed=0; now=1774819315038; nextExpiration=1774819315028; keyCount=0; hasEvents=false; eval=false
18:21:56.047 [http-nio-8080-Poller] DEBUG o.apache.tomcat.util.net.NioEndpoint - timeout completed: keys processed=0; now=1774819316047; nextExpiration=1774819316038; keyCount=0; hasEvents=false; eval=false
18:21:57.057 [http-nio-8080-Poller] DEBUG o.apache.tomcat.util.net.NioEndpoint - timeout completed: keys processed=0; now=1774819317057; nextExpiration=1774819317047; keyCount=0; hasEvents=false; eval=false
18:21:58.068 [http-nio-8080-Poller] DEBUG o.apache.tomcat.util.net.NioEndpoint - timeout completed: keys processed=0; now=1774819318068; nextExpiration=1774819318057; keyCount=0; hasEvents=false; eval=false
18:21:59.076 [http-nio-8080-Poller] DEBUG o.apache.tomcat.util.net.NioEndpoint - timeout completed: keys processed=0; now=1774819319076; nextExpiration=1774819319068; keyCount=0; hasEvents=false; eval=false
18:22:00.091 [http-nio-8080-Poller] DEBUG o.apache.tomcat.util.net.NioEndpoint - timeout completed: keys processed=0; now=1774819320091; nextExpiration=1774819320076; keyCount=0; hasEvents=false; eval=false
18:22:01.096 [http-nio-8080-Poller] DEBUG o.apache.tomcat.util.net.NioEndpoint - timeout completed: keys processed=0; now=1774819321096; nextExpiration=1774819321091; keyCount=0; hasEvents=false; eval=false
18:22:02.107 [http-nio-8080-Poller] DEBUG o.apache.tomcat.util.net.NioEndpoint - timeout completed: keys processed=0; now=1774819322107; nextExpiration=1774819322096; keyCount=0; hasEvents=false; eval=false
18:22:03.115 [http-nio-8080-Poller] DEBUG o.apache.tomcat.util.net.NioEndpoint - timeout completed: keys processed=0; now=1774819323115; nextExpiration=1774819323107; keyCount=0; hasEvents=false; eval=false
18:22:04.127 [http-nio-8080-Poller] DEBUG o.apache.tomcat.util.net.NioEndpoint - timeout completed: keys processed=0; now=1774819324127; nextExpiration=1774819324115; keyCount=0; hasEvents=false; eval=false
18:22:05.131 [http-nio-8080-Poller] DEBUG o.apache.tomcat.util.net.NioEndpoint - timeout completed: keys processed=0; now=1774819325131; nextExpiration=1774819325127; keyCount=0; hasEvents=false; eval=false
18:22:06.144 [http-nio-8080-Poller] DEBUG o.apache.tomcat.util.net.NioEndpoint - timeout completed: keys processed=0; now=1774819326144; nextExpiration=1774819326131; keyCount=0; hasEvents=false; eval=false
18:22:07.154 [http-nio-8080-Poller] DEBUG o.apache.tomcat.util.net.NioEndpoint - timeout completed: keys processed=0; now=1774819327154; nextExpiration=1774819327144; keyCount=0; hasEvents=false; eval=false
18:22:08.162 [http-nio-8080-Poller] DEBUG o.apache.tomcat.util.net.NioEndpoint - timeout completed: keys processed=0; now=1774819328162; nextExpiration=1774819328154; keyCount=0; hasEvents=false; eval=false
18:22:09.172 [http-nio-8080-Poller] DEBUG o.apache.tomcat.util.net.NioEndpoint - timeout completed: keys processed=0; now=1774819329172; nextExpiration=1774819329162; keyCount=0; hasEvents=false; eval=false
18:22:10.180 [http-nio-8080-Poller] DEBUG o.apache.tomcat.util.net.NioEndpoint - timeout completed: keys processed=0; now=1774819330180; nextExpiration=1774819330172; keyCount=0; hasEvents=false; eval=false
18:22:11.191 [http-nio-8080-Poller] DEBUG o.apache.tomcat.util.net.NioEndpoint - timeout completed: keys processed=0; now=1774819331191; nextExpiration=1774819331180; keyCount=0; hasEvents=false; eval=false
18:22:12.201 [http-nio-8080-Poller] DEBUG o.apache.tomcat.util.net.NioEndpoint - timeout completed: keys processed=0; now=1774819332201; nextExpiration=1774819332191; keyCount=0; hasEvents=false; eval=false
18:22:13.215 [http-nio-8080-Poller] DEBUG o.apache.tomcat.util.net.NioEndpoint - timeout completed: keys processed=0; now=1774819333215; nextExpiration=1774819333201; keyCount=0; hasEvents=false; eval=false
18:22:14.223 [http-nio-8080-Poller] DEBUG o.apache.tomcat.util.net.NioEndpoint - timeout completed: keys processed=0; now=1774819334223; nextExpiration=1774819334215; keyCount=0; hasEvents=false; eval=false
18:22:15.232 [http-nio-8080-Poller] DEBUG o.apache.tomcat.util.net.NioEndpoint - timeout completed: keys processed=0; now=1774819335232; nextExpiration=1774819335223; keyCount=0; hasEvents=false; eval=false
18:22:16.241 [http-nio-8080-Poller] DEBUG o.apache.tomcat.util.net.NioEndpoint - timeout completed: keys processed=0; now=1774819336241; nextExpiration=1774819336232; keyCount=0; hasEvents=false; eval=false
18:22:17.244 [http-nio-8080-Poller] DEBUG o.apache.tomcat.util.net.NioEndpoint - timeout completed: keys processed=0; now=1774819337244; nextExpiration=1774819337241; keyCount=0; hasEvents=false; eval=false
18:22:18.251 [http-nio-8080-Poller] DEBUG o.apache.tomcat.util.net.NioEndpoint - timeout completed: keys processed=0; now=1774819338251; nextExpiration=1774819338244; keyCount=0; hasEvents=false; eval=false
18:22:19.257 [http-nio-8080-Poller] DEBUG o.apache.tomcat.util.net.NioEndpoint - timeout completed: keys processed=0; now=1774819339257; nextExpiration=1774819339251; keyCount=0; hasEvents=false; eval=false
18:22:20.271 [http-nio-8080-Poller] DEBUG o.apache.tomcat.util.net.NioEndpoint - timeout completed: keys processed=0; now=1774819340271; nextExpiration=1774819340257; keyCount=0; hasEvents=false; eval=false
18:22:20.657 [Catalina-utility-2] DEBUG o.a.catalina.session.ManagerBase - Start expire sessions StandardManager at 1774819340657 sessioncount 0
18:22:20.658 [Catalina-utility-2] DEBUG o.a.catalina.session.ManagerBase - End expire sessions StandardManager processingTime 1 expired sessions: 0
18:22:20.902 [HikariPool-31 housekeeper] DEBUG com.zaxxer.hikari.pool.HikariPool - HikariPool-31 - Pool stats (total=10, active=0, idle=10, waiting=0)
18:22:20.902 [HikariPool-31 housekeeper] DEBUG com.zaxxer.hikari.pool.HikariPool - HikariPool-31 - Fill pool skipped, pool is at sufficient level.
18:22:21.272 [http-nio-8080-Poller] DEBUG o.apache.tomcat.util.net.NioEndpoint - timeout completed: keys processed=0; now=1774819341272; nextExpiration=1774819341271; keyCount=0; hasEvents=false; eval=false
18:22:22.280 [http-nio-8080-Poller] DEBUG o.apache.tomcat.util.net.NioEndpoint - timeout completed: keys processed=0; now=1774819342280; nextExpiration=1774819342272; keyCount=0; hasEvents=false; eval=false
18:22:22.502 [File Watcher] TRACE o.s.b.f.s.DefaultListableBeanFactory - Returning cached instance of singleton bean 'startupTimeMetrics'
18:22:22.502 [File Watcher] TRACE o.s.b.f.s.DefaultListableBeanFactory - Returning cached instance of singleton bean 'restartingClassPathChangedEventListener'
18:22:22.503 [File Watcher] TRACE o.s.b.f.s.DefaultListableBeanFactory - Returning cached instance of singleton bean 'liveReloadServerEventListener'
18:22:22.503 [File Watcher] DEBUG o.s.boot.devtools.restart.Restarter - Restarting application
18:22:22.504 [Thread-221] DEBUG o.s.boot.devtools.restart.Restarter - Stopping application
18:22:22.504 [Thread-221] DEBUG o.s.b.a.ApplicationAvailabilityBean - Application availability state ReadinessState changed from ACCEPTING_TRAFFIC to REFUSING_TRAFFIC
18:22:22.505 [Thread-221] DEBUG o.s.b.w.s.c.AnnotationConfigServletWebServerApplicationContext - Closing org.springframework.boot.web.servlet.context.AnnotationConfigServletWebServerApplicationContext@703ced6, started on Sun Mar 29 18:18:18 BRT 2026
18:22:22.506 [Thread-221] TRACE o.s.b.f.s.DefaultListableBeanFactory - Returning cached instance of singleton bean 'startupTimeMetrics'
18:22:22.506 [Thread-221] TRACE o.s.b.f.s.DefaultListableBeanFactory - Returning cached instance of singleton bean 'liveReloadServerEventListener'
18:22:22.506 [Thread-221] TRACE o.s.b.f.s.DefaultListableBeanFactory - Returning cached instance of singleton bean 'lifecycleProcessor'
18:22:22.506 [Thread-221] TRACE o.s.b.f.s.DefaultListableBeanFactory - Returning cached instance of singleton bean 'webServerGracefulShutdown'
18:22:22.506 [Thread-221] TRACE o.s.b.f.s.DefaultListableBeanFactory - Returning cached instance of singleton bean 'webServerStartStop'
18:22:22.506 [Thread-221] DEBUG o.s.c.s.DefaultLifecycleProcessor - Stopping beans in phase 2147483647
18:22:22.507 [Thread-221] TRACE o.s.c.s.DefaultLifecycleProcessor - Asking bean 'webServerGracefulShutdown' of type [org.springframework.boot.web.context.WebServerGracefulShutdownLifecycle] to stop
18:22:22.507 [Thread-221] DEBUG o.s.c.s.DefaultLifecycleProcessor - Bean 'webServerGracefulShutdown' completed its stop procedure
18:22:22.507 [Thread-221] DEBUG o.s.c.s.DefaultLifecycleProcessor - Stopping beans in phase 2147483646
18:22:22.507 [Thread-221] TRACE o.s.c.s.DefaultLifecycleProcessor - Asking bean 'webServerStartStop' of type [org.springframework.boot.web.servlet.context.WebServerStartStopLifecycle] to stop
18:22:22.523 [Thread-221] DEBUG o.s.c.s.DefaultLifecycleProcessor - Bean 'webServerStartStop' completed its stop procedure
18:22:22.523 [Thread-221] TRACE o.s.b.f.s.DefaultListableBeanFactory - Destroying singletons in org.springframework.beans.factory.support.DefaultListableBeanFactory@2ff9d293: defining beans [org.springframework.context.annotation.internalConfigurationAnnotationProcessor,org.springframework.context.annotation.internalAutowiredAnnotationProcessor,org.springframework.context.annotation.internalCommonAnnotationProcessor,org.springframework.context.annotation.internalPersistenceAnnotationProcessor,org.springframework.context.event.internalEventListenerProcessor,org.springframework.context.event.internalEventListenerFactory,cursoApplication,org.springframework.boot.autoconfigure.internalCachingMetadataReaderFactory,timestampConfig,cursoController,logsHandlers,cursoService,objectMapper,org.springframework.boot.autoconfigure.AutoConfigurationPackages,org.springframework.boot.autoconfigure.context.PropertyPlaceholderAutoConfiguration,propertySourcesPlaceholderConfigurer,org.springframework.boot.autoconfigure.websocket.servlet.WebSocketServletAutoConfiguration$TomcatWebSocketConfiguration,websocketServletWebServerCustomizer,org.springframework.boot.autoconfigure.websocket.servlet.WebSocketServletAutoConfiguration,org.springframework.boot.autoconfigure.web.servlet.ServletWebServerFactoryConfiguration$EmbeddedTomcat,tomcatServletWebServerFactory,org.springframework.boot.autoconfigure.web.servlet.ServletWebServerFactoryAutoConfiguration,servletWebServerFactoryCustomizer,tomcatServletWebServerFactoryCustomizer,org.springframework.boot.context.properties.ConfigurationPropertiesBindingPostProcessor,org.springframework.boot.context.internalConfigurationPropertiesBinderFactory,org.springframework.boot.context.internalConfigurationPropertiesBinder,org.springframework.boot.context.properties.BoundConfigurationProperties,org.springframework.boot.context.properties.EnableConfigurationPropertiesRegistrar.methodValidationExcludeFilter,server-org.springframework.boot.autoconfigure.web.ServerProperties,webServerFactoryCustomizerBeanPostProcessor,errorPageRegistrarBeanPostProcessor,org.springframework.boot.autoconfigure.web.servlet.DispatcherServletAutoConfiguration$DispatcherServletConfiguration,dispatcherServlet,spring.mvc-org.springframework.boot.autoconfigure.web.servlet.WebMvcProperties,org.springframework.boot.autoconfigure.web.servlet.DispatcherServletAutoConfiguration$DispatcherServletRegistrationConfiguration,dispatcherServletRegistration,org.springframework.boot.autoconfigure.web.servlet.DispatcherServletAutoConfiguration,org.springframework.boot.autoconfigure.task.TaskExecutionAutoConfiguration,taskExecutorBuilder,applicationTaskExecutor,spring.task.execution-org.springframework.boot.autoconfigure.task.TaskExecutionProperties,org.springframework.boot.autoconfigure.validation.ValidationAutoConfiguration,defaultValidator,methodValidationPostProcessor,org.springframework.boot.autoconfigure.web.servlet.error.ErrorMvcAutoConfiguration$WhitelabelErrorViewConfiguration,error,beanNameViewResolver,org.springframework.boot.autoconfigure.web.servlet.error.ErrorMvcAutoConfiguration$DefaultErrorViewResolverConfiguration,conventionErrorViewResolver,spring.web-org.springframework.boot.autoconfigure.web.WebProperties,org.springframework.boot.autoconfigure.web.servlet.error.ErrorMvcAutoConfiguration,errorAttributes,basicErrorController,errorPageCustomizer,preserveErrorControllerTargetClassPostProcessor,org.springframework.boot.autoconfigure.web.servlet.WebMvcAutoConfiguration$EnableWebMvcConfiguration,requestMappingHandlerAdapter,requestMappingHandlerMapping,welcomePageHandlerMapping,localeResolver,themeResolver,flashMapManager,mvcConversionService,mvcValidator,mvcContentNegotiationManager,mvcPatternParser,mvcUrlPathHelper,mvcPathMatcher,viewControllerHandlerMapping,beanNameHandlerMapping,routerFunctionMapping,resourceHandlerMapping,mvcResourceUrlProvider,defaultServletHandlerMapping,handlerFunctionAdapter,mvcUriComponentsContributor,httpRequestHandlerAdapter,simpleControllerHandlerAdapter,handlerExceptionResolver,mvcViewResolver,mvcHandlerMappingIntrospector,viewNameTranslator,org.springframework.boot.autoconfigure.web.servlet.WebMvcAutoConfiguration$WebMvcAutoConfigurationAdapter,defaultViewResolver,viewResolver,requestContextFilter,org.springframework.boot.autoconfigure.web.servlet.WebMvcAutoConfiguration,formContentFilter,org.springframework.boot.autoconfigure.availability.ApplicationAvailabilityAutoConfiguration,applicationAvailability,org.springframework.boot.actuate.autoconfigure.availability.AvailabilityHealthContributorAutoConfiguration,org.springframework.boot.autoconfigure.jackson.JacksonAutoConfiguration$Jackson2ObjectMapperBuilderCustomizerConfiguration,standardJacksonObjectMapperBuilderCustomizer,spring.jackson-org.springframework.boot.autoconfigure.jackson.JacksonProperties,org.springframework.boot.autoconfigure.jackson.JacksonAutoConfiguration$JacksonObjectMapperBuilderConfiguration,jacksonObjectMapperBuilder,org.springframework.boot.autoconfigure.jackson.JacksonAutoConfiguration$ParameterNamesModuleConfiguration,parameterNamesModule,org.springframework.boot.autoconfigure.jackson.JacksonAutoConfiguration$JacksonObjectMapperConfiguration,org.springframework.boot.autoconfigure.jackson.JacksonAutoConfiguration,jsonComponentModule,org.springframework.boot.autoconfigure.transaction.jta.JtaAutoConfiguration,org.springframework.boot.autoconfigure.jdbc.DataSourceConfiguration$Hikari,dataSource,org.springframework.boot.autoconfigure.jdbc.DataSourceJmxConfiguration$Hikari,org.springframework.boot.autoconfigure.jdbc.DataSourceJmxConfiguration,org.springframework.boot.autoconfigure.jdbc.DataSourceAutoConfiguration$PooledDataSourceConfiguration,org.springframework.boot.autoconfigure.jdbc.metadata.DataSourcePoolMetadataProvidersConfiguration$HikariPoolDataSourceMetadataProviderConfiguration,hikariPoolDataSourceMetadataProvider,org.springframework.boot.autoconfigure.jdbc.metadata.DataSourcePoolMetadataProvidersConfiguration,org.springframework.boot.autoconfigure.jdbc.DataSourceAutoConfiguration,spring.datasource-org.springframework.boot.autoconfigure.jdbc.DataSourceProperties,org.springframework.boot.autoconfigure.orm.jpa.JpaBaseConfiguration$JpaWebConfiguration,openEntityManagerInViewInterceptor,openEntityManagerInViewInterceptorConfigurer,org.springframework.boot.autoconfigure.orm.jpa.HibernateJpaConfiguration,transactionManager,jpaVendorAdapter,entityManagerFactoryBuilder,entityManagerFactory,spring.jpa.hibernate-org.springframework.boot.autoconfigure.orm.jpa.HibernateProperties,spring.jpa-org.springframework.boot.autoconfigure.orm.jpa.JpaProperties,org.springframework.boot.autoconfigure.orm.jpa.HibernateJpaAutoConfiguration,org.springframework.boot.actuate.autoconfigure.web.servlet.ServletManagementContextAutoConfiguration,servletWebChildContextFactory,managementServletContext,org.springframework.boot.actuate.autoconfigure.health.HealthEndpointConfiguration,healthStatusAggregator,healthHttpCodeStatusMapper,healthEndpointGroups,healthContributorRegistry,healthEndpoint,healthEndpointGroupsBeanPostProcessor,org.springframework.boot.actuate.autoconfigure.health.HealthEndpointWebExtensionConfiguration$MvcAdditionalHealthEndpointPathsConfiguration,healthEndpointWebMvcHandlerMapping,org.springframework.boot.actuate.autoconfigure.health.HealthEndpointWebExtensionConfiguration,healthEndpointWebExtension,org.springframework.boot.actuate.autoconfigure.health.HealthEndpointAutoConfiguration,management.endpoint.health-org.springframework.boot.actuate.autoconfigure.health.HealthEndpointProperties,org.springframework.boot.autoconfigure.info.ProjectInfoAutoConfiguration,buildProperties,spring.info-org.springframework.boot.autoconfigure.info.ProjectInfoProperties,org.springframework.boot.actuate.autoconfigure.info.InfoContributorAutoConfiguration,buildInfoContributor,management.info-org.springframework.boot.actuate.autoconfigure.info.InfoContributorProperties,org.springframework.boot.actuate.autoconfigure.info.InfoEndpointAutoConfiguration,infoEndpoint,org.springframework.boot.actuate.autoconfigure.endpoint.EndpointAutoConfiguration,endpointOperationParameterMapper,endpointCachingOperationInvokerAdvisor,org.springframework.boot.actuate.autoconfigure.endpoint.web.WebEndpointAutoConfiguration$WebEndpointServletConfiguration,servletEndpointDiscoverer,org.springframework.boot.actuate.autoconfigure.endpoint.web.WebEndpointAutoConfiguration,webEndpointPathMapper,endpointMediaTypes,webEndpointDiscoverer,controllerEndpointDiscoverer,pathMappedEndpoints,webExposeExcludePropertyEndpointFilter,controllerExposeExcludePropertyEndpointFilter,management.endpoints.web-org.springframework.boot.actuate.autoconfigure.endpoint.web.WebEndpointProperties,org.springframework.boot.actuate.autoconfigure.system.DiskSpaceHealthContributorAutoConfiguration,diskSpaceHealthIndicator,management.health.diskspace-org.springframework.boot.actuate.autoconfigure.system.DiskSpaceHealthIndicatorProperties,org.springframework.boot.actuate.autoconfigure.health.HealthContributorAutoConfiguration,pingHealthContributor,org.springframework.boot.actuate.autoconfigure.jdbc.DataSourceHealthContributorAutoConfiguration,dbHealthContributor,management.health.db-org.springframework.boot.actuate.autoconfigure.jdbc.DataSourceHealthIndicatorProperties,org.springframework.boot.actuate.autoconfigure.metrics.MetricsAutoConfiguration,micrometerClock,meterRegistryPostProcessor,propertiesMeterFilter,management.metrics-org.springframework.boot.actuate.autoconfigure.metrics.MetricsProperties,org.springframework.boot.actuate.autoconfigure.metrics.export.prometheus.PrometheusMetricsExportAutoConfiguration$PrometheusScrapeEndpointConfiguration,prometheusEndpoint,org.springframework.boot.actuate.autoconfigure.metrics.export.prometheus.PrometheusMetricsExportAutoConfiguration,prometheusConfig,prometheusMeterRegistry,collectorRegistry,management.metrics.export.prometheus-org.springframework.boot.actuate.autoconfigure.metrics.export.prometheus.PrometheusProperties,org.springframework.boot.actuate.autoconfigure.metrics.CompositeMeterRegistryAutoConfiguration,org.springframework.boot.actuate.autoconfigure.metrics.JvmMetricsAutoConfiguration,jvmGcMetrics,jvmHeapPressureMetrics,jvmMemoryMetrics,jvmThreadMetrics,classLoaderMetrics,org.springframework.boot.actuate.autoconfigure.metrics.LogbackMetricsAutoConfiguration,logbackMetrics,org.springframework.boot.actuate.autoconfigure.metrics.MetricsEndpointAutoConfiguration,metricsEndpoint,org.springframework.boot.actuate.autoconfigure.metrics.SystemMetricsAutoConfiguration,uptimeMetrics,processorMetrics,fileDescriptorMetrics,diskSpaceMetrics,org.springframework.boot.actuate.autoconfigure.metrics.data.RepositoryMetricsAutoConfiguration,repositoryTagsProvider,metricsRepositoryMethodInvocationListener,metricsRepositoryMethodInvocationListenerBeanPostProcessor,org.springframework.boot.actuate.autoconfigure.metrics.integration.IntegrationMetricsAutoConfiguration,org.springframework.boot.actuate.autoconfigure.metrics.jdbc.DataSourcePoolMetricsAutoConfiguration$HikariDataSourceMetricsConfiguration,org.springframework.boot.actuate.autoconfigure.metrics.jdbc.DataSourcePoolMetricsAutoConfiguration$DataSourcePoolMetadataMetricsConfiguration,org.springframework.boot.actuate.autoconfigure.metrics.jdbc.DataSourcePoolMetricsAutoConfiguration,org.springframework.boot.actuate.autoconfigure.metrics.startup.StartupTimeMetricsListenerAutoConfiguration,startupTimeMetrics,org.springframework.boot.autoconfigure.task.TaskSchedulingAutoConfiguration,scheduledBeanLazyInitializationExcludeFilter,taskSchedulerBuilder,spring.task.scheduling-org.springframework.boot.autoconfigure.task.TaskSchedulingProperties,org.springframework.boot.actuate.autoconfigure.metrics.task.TaskExecutorMetricsAutoConfiguration,org.springframework.boot.autoconfigure.http.HttpMessageConvertersAutoConfiguration$StringHttpMessageConverterConfiguration,stringHttpMessageConverter,org.springframework.boot.autoconfigure.http.JacksonHttpMessageConvertersConfiguration$MappingJackson2HttpMessageConverterConfiguration,mappingJackson2HttpMessageConverter,org.springframework.boot.autoconfigure.http.JacksonHttpMessageConvertersConfiguration,org.springframework.boot.autoconfigure.http.HttpMessageConvertersAutoConfiguration,messageConverters,org.springframework.boot.autoconfigure.web.client.RestTemplateAutoConfiguration,restTemplateBuilderConfigurer,restTemplateBuilder,org.springframework.boot.actuate.autoconfigure.metrics.web.client.RestTemplateMetricsConfiguration,restTemplateExchangeTagsProvider,metricsRestTemplateCustomizer,org.springframework.boot.actuate.autoconfigure.metrics.web.client.HttpClientMetricsAutoConfiguration,metricsHttpClientUriTagFilter,org.springframework.boot.actuate.autoconfigure.metrics.web.servlet.WebMvcMetricsAutoConfiguration,webMvcTagsProvider,webMvcMetricsFilter,metricsHttpServerUriTagFilter,metricsWebMvcConfigurer,org.springframework.boot.actuate.autoconfigure.metrics.web.tomcat.TomcatMetricsAutoConfiguration,tomcatMetricsBinder,org.springframework.boot.autoconfigure.aop.AopAutoConfiguration$AspectJAutoProxyingConfiguration$CglibAutoProxyConfiguration,org.springframework.aop.config.internalAutoProxyCreator,org.springframework.boot.autoconfigure.aop.AopAutoConfiguration$AspectJAutoProxyingConfiguration,org.springframework.boot.autoconfigure.aop.AopAutoConfiguration,org.springframework.boot.autoconfigure.context.ConfigurationPropertiesAutoConfiguration,org.springframework.boot.autoconfigure.context.LifecycleAutoConfiguration,lifecycleProcessor,spring.lifecycle-org.springframework.boot.autoconfigure.context.LifecycleProperties,org.springframework.boot.autoconfigure.dao.PersistenceExceptionTranslationAutoConfiguration,persistenceExceptionTranslationPostProcessor,org.springframework.boot.autoconfigure.data.jpa.JpaRepositoriesAutoConfiguration,emBeanDefinitionRegistrarPostProcessor,jpaMappingContext,jpaContext,org.springframework.data.jpa.util.JpaMetamodelCacheCleanup,org.springframework.data.jpa.repository.support.JpaEvaluationContextExtension,cursoRepository,org.springframework.data.web.config.ProjectingArgumentResolverRegistrar,projectingArgumentResolverBeanPostProcessor,org.springframework.data.web.config.SpringDataWebConfiguration,pageableResolver,sortResolver,org.springframework.data.web.config.SpringDataJacksonConfiguration,jacksonGeoModule,org.springframework.boot.autoconfigure.data.web.SpringDataWebAutoConfiguration,pageableCustomizer,sortCustomizer,spring.data.web-org.springframework.boot.autoconfigure.data.web.SpringDataWebProperties,org.springframework.boot.autoconfigure.jdbc.JdbcTemplateConfiguration,jdbcTemplate,org.springframework.boot.autoconfigure.jdbc.NamedParameterJdbcTemplateConfiguration,namedParameterJdbcTemplate,org.springframework.boot.autoconfigure.jdbc.JdbcTemplateAutoConfiguration,spring.jdbc-org.springframework.boot.autoconfigure.jdbc.JdbcProperties,org.springframework.boot.sql.init.dependency.DatabaseInitializationDependencyConfigurer$DependsOnDatabaseInitializationPostProcessor,org.springframework.boot.autoconfigure.sql.init.DataSourceInitializationConfiguration,dataSourceScriptDatabaseInitializer,org.springframework.boot.autoconfigure.sql.init.SqlInitializationAutoConfiguration,spring.sql.init-org.springframework.boot.autoconfigure.sql.init.SqlInitializationProperties,org.springframework.boot.autoconfigure.jdbc.DataSourceTransactionManagerAutoConfiguration$JdbcTransactionManagerConfiguration,org.springframework.boot.autoconfigure.jdbc.DataSourceTransactionManagerAutoConfiguration,org.springframework.transaction.annotation.ProxyTransactionManagementConfiguration,org.springframework.transaction.config.internalTransactionAdvisor,transactionAttributeSource,transactionInterceptor,org.springframework.transaction.config.internalTransactionalEventListenerFactory,org.springframework.boot.autoconfigure.transaction.TransactionAutoConfiguration$EnableTransactionManagementConfiguration$CglibAutoProxyConfiguration,org.springframework.boot.autoconfigure.transaction.TransactionAutoConfiguration$EnableTransactionManagementConfiguration,org.springframework.boot.autoconfigure.transaction.TransactionAutoConfiguration$TransactionTemplateConfiguration,transactionTemplate,org.springframework.boot.autoconfigure.transaction.TransactionAutoConfiguration,platformTransactionManagerCustomizers,spring.transaction-org.springframework.boot.autoconfigure.transaction.TransactionProperties,org.springframework.boot.autoconfigure.web.embedded.EmbeddedWebServerFactoryCustomizerAutoConfiguration$TomcatWebServerFactoryCustomizerConfiguration,tomcatWebServerFactoryCustomizer,org.springframework.boot.autoconfigure.web.embedded.EmbeddedWebServerFactoryCustomizerAutoConfiguration,org.springframework.boot.autoconfigure.web.servlet.HttpEncodingAutoConfiguration,characterEncodingFilter,localeCharsetMappingsCustomizer,org.springframework.boot.autoconfigure.web.servlet.MultipartAutoConfiguration,multipartConfigElement,multipartResolver,spring.servlet.multipart-org.springframework.boot.autoconfigure.web.servlet.MultipartProperties,org.springframework.boot.devtools.autoconfigure.DevToolsDataSourceAutoConfiguration$DatabaseShutdownExecutorEntityManagerFactoryDependsOnPostProcessor,org.springframework.boot.devtools.autoconfigure.DevToolsDataSourceAutoConfiguration,inMemoryDatabaseShutdownExecutor,org.springframework.boot.devtools.autoconfigure.LocalDevToolsAutoConfiguration$RestartConfiguration,restartingClassPathChangedEventListener,classPathFileSystemWatcher,classPathRestartStrategy,fileSystemWatcherFactory,conditionEvaluationDeltaLoggingListener,org.springframework.boot.devtools.autoconfigure.LocalDevToolsAutoConfiguration$LiveReloadConfiguration,liveReloadServer,optionalLiveReloadServer,liveReloadServerEventListener,org.springframework.boot.devtools.autoconfigure.LocalDevToolsAutoConfiguration,spring.devtools-org.springframework.boot.devtools.autoconfigure.DevToolsProperties,org.springframework.boot.actuate.autoconfigure.endpoint.web.ServletEndpointManagementContextConfiguration$WebMvcServletEndpointManagementContextConfiguration,servletEndpointRegistrar,org.springframework.boot.actuate.autoconfigure.endpoint.web.ServletEndpointManagementContextConfiguration,servletExposeExcludePropertyEndpointFilter,org.springframework.boot.actuate.autoconfigure.endpoint.web.servlet.WebMvcEndpointManagementContextConfiguration,webEndpointServletHandlerMapping,controllerEndpointHandlerMapping,management.endpoints.web.cors-org.springframework.boot.actuate.autoconfigure.endpoint.web.CorsEndpointProperties,org.springframework.boot.actuate.autoconfigure.web.server.ManagementContextAutoConfiguration$SameManagementContextConfiguration$EnableSameManagementContextConfiguration,org.springframework.boot.actuate.autoconfigure.web.server.ManagementContextAutoConfiguration$SameManagementContextConfiguration,org.springframework.boot.actuate.autoconfigure.web.server.ManagementContextAutoConfiguration,management.server-org.springframework.boot.actuate.autoconfigure.web.server.ManagementServerProperties,org.springframework.orm.jpa.SharedEntityManagerCreator#0]; root of factory hierarchy
18:22:22.526 [Thread-221] TRACE o.s.b.f.s.DisposableBeanAdapter - Invoking destroy() on bean with name 'classPathFileSystemWatcher'
18:22:22.526 [Thread-221] TRACE o.s.b.f.s.DisposableBeanAdapter - Invoking destroy() on bean with name 'org.springframework.data.jpa.util.JpaMetamodelCacheCleanup'
18:22:22.526 [Thread-221] TRACE o.s.b.f.s.DisposableBeanAdapter - Invoking destroy() on bean with name 'tomcatMetricsBinder'
18:22:22.526 [Thread-221] TRACE o.s.b.f.s.DefaultListableBeanFactory - Retrieved dependent beans for bean 'mvcResourceUrlProvider': [requestMappingHandlerMapping, welcomePageHandlerMapping, viewControllerHandlerMapping, beanNameHandlerMapping, routerFunctionMapping, resourceHandlerMapping]
18:22:22.526 [Thread-221] TRACE o.s.b.f.s.DefaultListableBeanFactory - Retrieved dependent beans for bean 'applicationTaskExecutor': [org.springframework.boot.actuate.autoconfigure.metrics.task.TaskExecutorMetricsAutoConfiguration]
18:22:22.526 [Thread-221] TRACE o.s.b.f.s.DisposableBeanAdapter - Invoking destroy() on bean with name 'applicationTaskExecutor'
18:22:22.526 [Thread-221] DEBUG o.s.s.c.ThreadPoolTaskExecutor - Shutting down ExecutorService 'applicationTaskExecutor'
18:22:22.526 [Thread-221] TRACE o.s.b.f.s.DefaultListableBeanFactory - Retrieved dependent beans for bean 'mvcValidator': [requestMappingHandlerAdapter]
18:22:22.526 [Thread-221] TRACE o.s.b.f.s.DefaultListableBeanFactory - Retrieved dependent beans for bean 'requestMappingHandlerAdapter': [mvcUriComponentsContributor]
18:22:22.527 [Thread-221] TRACE o.s.b.f.s.DisposableBeanAdapter - Invoking destroy() on bean with name 'mvcValidator'
18:22:22.527 [Thread-221] TRACE o.s.b.f.s.DisposableBeanAdapter - Invoking destroy() on bean with name 'defaultValidator'
18:22:22.527 [Thread-221] TRACE o.s.b.f.s.DefaultListableBeanFactory - Retrieved dependent beans for bean 'jpaMappingContext': [cursoRepository]
18:22:22.527 [Thread-221] TRACE o.s.b.f.s.DefaultListableBeanFactory - Retrieved dependent beans for bean 'cursoRepository': [cursoService]
18:22:22.527 [Thread-221] TRACE o.s.b.f.s.DefaultListableBeanFactory - Retrieved dependent beans for bean 'cursoService': [cursoController]
18:22:22.527 [Thread-221] TRACE o.s.b.f.s.DefaultListableBeanFactory - Retrieved dependent beans for bean '(inner bean)#6b5104cd': [cursoRepository]
18:22:22.527 [Thread-221] TRACE o.s.b.f.s.DefaultListableBeanFactory - Retrieved dependent beans for bean '(inner bean)#d500992': [(inner bean)#6b5104cd]
18:22:22.528 [Thread-221] TRACE o.s.b.f.s.DisposableBeanAdapter - Invoking close() on bean with name '(inner bean)#4f16a2e3'
18:22:22.528 [Thread-221] TRACE o.s.b.f.s.DisposableBeanAdapter - Invoking destroy() on bean with name 'jpaMappingContext'
18:22:22.528 [Thread-221] TRACE o.s.b.f.s.DisposableBeanAdapter - Invoking destroy() on bean with name 'entityManagerFactory'
18:22:22.528 [Thread-221] INFO  o.s.o.j.LocalContainerEntityManagerFactoryBean - Closing JPA EntityManagerFactory for persistence unit 'default'
18:22:22.529 [Thread-221] DEBUG o.h.internal.SessionFactoryImpl - HHH000031: Closing
18:22:22.529 [Thread-221] TRACE o.h.engine.query.spi.QueryPlanCache - Cleaning QueryPlan Cache
18:22:22.529 [Thread-221] TRACE o.h.type.spi.TypeConfiguration$Scope - Handling #sessionFactoryClosed from [org.hibernate.internal.SessionFactoryImpl@5348fc3] for TypeConfiguration
18:22:22.529 [Thread-221] DEBUG o.h.type.spi.TypeConfiguration$Scope - Un-scoping TypeConfiguration [org.hibernate.type.spi.TypeConfiguration$Scope@55e8b961] from SessionFactory [org.hibernate.internal.SessionFactoryImpl@5348fc3]
18:22:22.530 [Thread-221] DEBUG o.h.s.i.AbstractServiceRegistryImpl - Implicitly destroying ServiceRegistry on de-registration of all child ServiceRegistries
18:22:22.530 [Thread-221] DEBUG o.h.b.r.i.BootstrapServiceRegistryImpl - Implicitly destroying Boot-strap registry on de-registration of all child ServiceRegistries
18:22:22.530 [Thread-221] TRACE o.s.b.f.s.DisposableBeanAdapter - Invoking destroy() on bean with name 'inMemoryDatabaseShutdownExecutor'
18:22:22.530 [Thread-221] TRACE o.s.b.f.s.DefaultListableBeanFactory - Retrieved dependent beans for bean 'dataSource': [dataSourceScriptDatabaseInitializer, org.springframework.boot.autoconfigure.orm.jpa.HibernateJpaConfiguration, org.springframework.boot.autoconfigure.jdbc.DataSourceJmxConfiguration$Hikari, dbHealthContributor, org.springframework.boot.actuate.autoconfigure.metrics.jdbc.DataSourcePoolMetricsAutoConfiguration$HikariDataSourceMetricsConfiguration, org.springframework.boot.actuate.autoconfigure.metrics.jdbc.DataSourcePoolMetricsAutoConfiguration$DataSourcePoolMetadataMetricsConfiguration, jdbcTemplate]
18:22:22.530 [Thread-221] TRACE o.s.b.f.s.DefaultListableBeanFactory - Retrieved dependent beans for bean 'dataSourceScriptDatabaseInitializer': [jdbcTemplate, namedParameterJdbcTemplate]
18:22:22.530 [Thread-221] TRACE o.s.b.f.s.DefaultListableBeanFactory - Retrieved dependent beans for bean 'jdbcTemplate': [namedParameterJdbcTemplate]
18:22:22.530 [Thread-221] TRACE o.s.b.f.s.DefaultListableBeanFactory - Retrieved dependent beans for bean 'org.springframework.boot.autoconfigure.orm.jpa.HibernateJpaConfiguration': [entityManagerFactoryBuilder, jpaVendorAdapter, transactionManager]
18:22:22.531 [Thread-221] TRACE o.s.b.f.s.DefaultListableBeanFactory - Retrieved dependent beans for bean 'transactionManager': [transactionTemplate]
18:22:22.531 [Thread-221] TRACE o.s.b.f.s.DisposableBeanAdapter - Invoking close() on bean with name 'dataSource'
18:22:22.531 [Thread-221] INFO  com.zaxxer.hikari.HikariDataSource - HikariPool-31 - Shutdown initiated...
18:22:22.531 [Thread-221] DEBUG com.zaxxer.hikari.pool.HikariPool - HikariPool-31 - Before shutdown stats (total=10, active=0, idle=10, waiting=0)
18:22:22.532 [HikariPool-31 connection closer] DEBUG com.zaxxer.hikari.pool.PoolBase - HikariPool-31 - Closing connection org.postgresql.jdbc.PgConnection@10874a33: (connection evicted)
18:22:22.533 [HikariPool-31 connection closer] DEBUG com.zaxxer.hikari.pool.PoolBase - HikariPool-31 - Closing connection org.postgresql.jdbc.PgConnection@523a3c5a: (connection evicted)
18:22:22.534 [HikariPool-31 connection closer] DEBUG com.zaxxer.hikari.pool.PoolBase - HikariPool-31 - Closing connection org.postgresql.jdbc.PgConnection@4c58d778: (connection evicted)
18:22:22.534 [HikariPool-31 connection closer] DEBUG com.zaxxer.hikari.pool.PoolBase - HikariPool-31 - Closing connection org.postgresql.jdbc.PgConnection@22c2db8f: (connection evicted)
18:22:22.534 [HikariPool-31 connection closer] DEBUG com.zaxxer.hikari.pool.PoolBase - HikariPool-31 - Closing connection org.postgresql.jdbc.PgConnection@3cd75d8b: (connection evicted)
18:22:22.534 [HikariPool-31 connection closer] DEBUG com.zaxxer.hikari.pool.PoolBase - HikariPool-31 - Closing connection org.postgresql.jdbc.PgConnection@77c84629: (connection evicted)
18:22:22.535 [HikariPool-31 connection closer] DEBUG com.zaxxer.hikari.pool.PoolBase - HikariPool-31 - Closing connection org.postgresql.jdbc.PgConnection@6fa70841: (connection evicted)
18:22:22.535 [HikariPool-31 connection closer] DEBUG com.zaxxer.hikari.pool.PoolBase - HikariPool-31 - Closing connection org.postgresql.jdbc.PgConnection@cc90a52: (connection evicted)
18:22:22.535 [HikariPool-31 connection closer] DEBUG com.zaxxer.hikari.pool.PoolBase - HikariPool-31 - Closing connection org.postgresql.jdbc.PgConnection@35b879c3: (connection evicted)
18:22:22.536 [HikariPool-31 connection closer] DEBUG com.zaxxer.hikari.pool.PoolBase - HikariPool-31 - Closing connection org.postgresql.jdbc.PgConnection@55f9771c: (connection evicted)
18:22:22.536 [Thread-221] DEBUG com.zaxxer.hikari.pool.HikariPool - HikariPool-31 - After shutdown stats (total=0, active=0, idle=0, waiting=0)
18:22:22.536 [Thread-221] INFO  com.zaxxer.hikari.HikariDataSource - HikariPool-31 - Shutdown completed.
18:22:22.537 [Thread-221] TRACE o.s.b.f.s.DisposableBeanAdapter - Invoking destroy() on bean with name 'characterEncodingFilter'
18:22:22.537 [Thread-221] TRACE o.s.b.f.s.DisposableBeanAdapter - Invoking destroy() on bean with name 'formContentFilter'
18:22:22.537 [Thread-221] TRACE o.s.b.f.s.DisposableBeanAdapter - Invoking destroy() on bean with name 'requestContextFilter'
18:22:22.537 [Thread-221] TRACE o.s.b.f.s.DefaultListableBeanFactory - Retrieved dependent beans for bean 'prometheusMeterRegistry': [webMvcMetricsFilter, metricsWebMvcConfigurer, metricsEndpoint, metricsRestTemplateCustomizer]
18:22:22.538 [Thread-221] TRACE o.s.b.f.s.DefaultListableBeanFactory - Retrieved dependent beans for bean 'metricsWebMvcConfigurer': [org.springframework.boot.autoconfigure.web.servlet.WebMvcAutoConfiguration$EnableWebMvcConfiguration]
18:22:22.538 [Thread-221] TRACE o.s.b.f.s.DefaultListableBeanFactory - Retrieved dependent beans for bean 'org.springframework.boot.autoconfigure.web.servlet.WebMvcAutoConfiguration$EnableWebMvcConfiguration': [mvcContentNegotiationManager, mvcConversionService, localeResolver, themeResolver, flashMapManager, mvcPatternParser, mvcUrlPathHelper, mvcPathMatcher, defaultServletHandlerMapping, handlerFunctionAdapter, httpRequestHandlerAdapter, simpleControllerHandlerAdapter, handlerExceptionResolver, mvcViewResolver, viewNameTranslator]
18:22:22.538 [Thread-221] TRACE o.s.b.f.s.DefaultListableBeanFactory - Retrieved dependent beans for bean 'mvcContentNegotiationManager': [handlerExceptionResolver, mvcViewResolver]
18:22:22.538 [Thread-221] TRACE o.s.b.f.s.DisposableBeanAdapter - Invoking custom destroy method 'close' on bean with name 'prometheusMeterRegistry'
18:22:22.539 [Thread-221] TRACE o.s.b.f.s.DisposableBeanAdapter - Invoking close() on bean with name 'logbackMetrics'
18:22:22.539 [Thread-221] TRACE o.s.b.f.s.DisposableBeanAdapter - Invoking close() on bean with name 'jvmHeapPressureMetrics'
18:22:22.539 [Thread-221] TRACE o.s.b.f.s.DisposableBeanAdapter - Invoking close() on bean with name 'jvmGcMetrics'
18:22:22.541 [Thread-221] TRACE o.s.b.f.s.DefaultListableBeanFactory - Retrieved dependent beans for bean 'org.springframework.boot.autoconfigure.internalCachingMetadataReaderFactory': [org.springframework.context.annotation.internalConfigurationAnnotationProcessor]
18:22:22.589 [Thread-221] DEBUG o.s.b.d.r.c.RestartClassLoader - Created RestartClassLoader org.springframework.boot.devtools.restart.classloader.RestartClassLoader@5574f8e7
18:22:22.589 [Thread-221] DEBUG o.s.boot.devtools.restart.Restarter - Starting application br.com.alura.logs.CursoApplication with URLs [file:/C:/ALURA/api-logs/logs/target/classes/]
18:22:22.596 [restartedMain] INFO  br.com.alura.logs.CursoApplication - Iniciando a API de Cursos da Alura
18:22:22.613 [restartedMain] TRACE o.s.c.i.s.SpringFactoriesLoader - Loaded [org.springframework.boot.logging.LoggingSystemFactory] names: [org.springframework.boot.logging.logback.LogbackLoggingSystem.Factory, org.springframework.boot.logging.log4j2.Log4J2LoggingSystem.Factory, org.springframework.boot.logging.java.JavaLoggingSystem.Factory]
18:22:22.664 [restartedMain] INFO  br.com.alura.logs.CursoApplication - Starting CursoApplication using Java 22.0.1 on PlimPlim with PID 7492 (C:\ALURA\api-logs\logs\target\classes started by plini in C:\ALURA\api-logs\logs)
18:22:22.665 [restartedMain] INFO  br.com.alura.logs.CursoApplication - No active profile set, falling back to 1 default profile: "default"
18:22:23.020 [restartedMain] INFO  o.s.d.r.c.RepositoryConfigurationDelegate - Bootstrapping Spring Data JPA repositories in DEFAULT mode.
18:22:23.032 [restartedMain] INFO  o.s.d.r.c.RepositoryConfigurationDelegate - Finished Spring Data repository scanning in 11 ms. Found 1 JPA repository interfaces.
18:22:23.139 [restartedMain] INFO  o.s.b.w.e.tomcat.TomcatWebServer - Tomcat initialized with port(s): 8080 (http)
18:22:23.140 [restartedMain] INFO  o.a.catalina.core.StandardService - Starting service [Tomcat]
18:22:23.140 [restartedMain] INFO  o.a.catalina.core.StandardEngine - Starting Servlet engine: [Apache Tomcat/9.0.62]
18:22:23.163 [restartedMain] INFO  o.a.c.c.C.[Tomcat].[localhost].[/] - Initializing Spring embedded WebApplicationContext
18:22:23.163 [restartedMain] INFO  o.s.b.w.s.c.ServletWebServerApplicationContext - Root WebApplicationContext: initialization completed in 495 ms
18:22:23.273 [restartedMain] INFO  o.h.jpa.internal.util.LogHelper - HHH000204: Processing PersistenceUnitInfo [name: default]
18:22:23.280 [restartedMain] INFO  com.zaxxer.hikari.HikariDataSource - HikariPool-32 - Starting...
18:22:23.321 [restartedMain] INFO  com.zaxxer.hikari.HikariDataSource - HikariPool-32 - Start completed.
18:22:23.322 [restartedMain] INFO  org.hibernate.dialect.Dialect - HHH000400: Using dialect: org.hibernate.dialect.PostgreSQLDialect
18:22:23.416 [restartedMain] INFO  o.h.e.t.j.p.i.JtaPlatformInitiator - HHH000490: Using JtaPlatform implementation: [org.hibernate.engine.transaction.jta.platform.internal.NoJtaPlatform]
18:22:23.417 [restartedMain] INFO  o.s.o.j.LocalContainerEntityManagerFactoryBean - Initialized JPA EntityManagerFactory for persistence unit 'default'
18:22:23.514 [restartedMain] WARN  o.s.b.a.o.j.JpaBaseConfiguration$JpaWebConfiguration - spring.jpa.open-in-view is enabled by default. Therefore, database queries may be performed during view rendering. Explicitly configure spring.jpa.open-in-view to disable this warning
18:22:23.687 [restartedMain] INFO  o.s.b.d.a.OptionalLiveReloadServer - LiveReload server is running on port 35729
18:22:23.692 [restartedMain] INFO  o.s.b.a.e.web.EndpointLinksResolver - Exposing 4 endpoint(s) beneath base path '/actuator'
18:22:23.711 [restartedMain] INFO  o.s.b.w.e.tomcat.TomcatWebServer - Tomcat started on port(s): 8080 (http) with context path ''
18:22:23.717 [restartedMain] INFO  br.com.alura.logs.CursoApplication - Started CursoApplication in 1.106 seconds (JVM running for 5560.848)
18:22:23.720 [restartedMain] INFO  o.s.b.d.a.ConditionEvaluationDeltaLoggingListener - Condition evaluation unchanged
18:22:23.720 [restartedMain] INFO  br.com.alura.logs.CursoApplication - API para cadastro para cursos da plataforma Alura.
18:22:27.181 [Thread-227] INFO  o.s.o.j.LocalContainerEntityManagerFactoryBean - Closing JPA EntityManagerFactory for persistence unit 'default'
18:22:27.182 [Thread-227] INFO  com.zaxxer.hikari.HikariDataSource - HikariPool-32 - Shutdown initiated...
18:22:27.185 [Thread-227] INFO  com.zaxxer.hikari.HikariDataSource - HikariPool-32 - Shutdown completed.
18:22:27.253 [restartedMain] INFO  br.com.alura.logs.CursoApplication - Iniciando a API de Cursos da Alura
